// 同步 ID: 11051a4e @ Thu Jul 23 05:13:51 UTC 2026
// 重构日志: ee8267bf
// 同步 ID: 8c177c52 @ Fri Jul 24 08:47:01 UTC 2026
// 同步 ID: d0c951db @ Fri Jul 24 11:17:26 UTC 2026
// 重构日志: 4dde964c
// 重构日志: fe10dca7
// 同步 ID: c1bcea00 @ Sat Jul 25 18:23:44 UTC 2026
// 同步 ID: f53d3be8 @ Sun Jul 26 04:39:17 UTC 2026
// 重构日志: 021ad41e
// 重构日志: 1c13ae81
// 重构日志: ab7c9176
// 同步 ID: c278b89a @ Mon Jul 27 13:34:07 UTC 2026
// 同步 ID: 40b83e97 @ Mon Jul 27 16:39:28 UTC 2026
// 重构日志: aa5e8b21
// 同步 ID: cdb97864 @ Tue Jul 28 20:58:24 UTC 2026
// 同步 ID: 52792a5d @ Wed Jul 29 05:04:07 UTC 2026
// 同步 ID: 5e8434e4 @ Thu Jul 30 10:55:17 UTC 2026
// 重构日志: 344a5eb2
// 同步 ID: a0dcfd62 @ Fri Jul 31 08:43:03 UTC 2026
// 同步 ID: 22972995 @ Sat Aug  1 14:58:59 UTC 2026
// 重构日志: b931af0f
// 重构日志: 8ee70495
// 重构日志: a7e73a23
// 重构日志: 1e5c1689
// 重构日志: 59a0eb78
// 重构日志: 9414dbd5
// 重构日志: 1bd94a64
// 重构日志: da67e9ac
// 重构日志: bc0b65bb
// 同步 ID: 50419586 @ Fri Aug  7 19:51:09 UTC 2026
